
Adaptive multirate nonlinear Kvaerno-Prothero-Robinson test problem:
    time domain:  (0,5]
    G = -100
    w = 100
    e = 0.5

  Slow integrator: ARKODE_MRI_GARK_ERK45a (explicit)
    fixed steps, hs = 0.001
    rtol = 1e-09, atol = 1e-11

  Fast order 4
    fixed steps, hf = 1e-05
    rtol = 1e-09, atol = 1e-11
        t           u           v       uerr      verr
   ------------------------------------------------------
    0.000000    1.732051    1.732051  0.00e+00  0.00e+00
    0.500000    1.696344    1.512598  1.41e-11  3.68e-12
    1.000000    1.593833    1.458873  1.12e-11  5.69e-12
    1.500000    1.439006    1.011474  5.79e-12  6.08e-13
    2.000000    1.258512    1.214374  2.84e-12  9.51e-12
    2.500000    1.094923    1.471085  1.49e-11  1.28e-11
    3.000000    1.004991    1.274175  2.51e-11  6.62e-13
    3.500000    1.031282    1.053648  2.24e-11  2.48e-11
    4.000000    1.160326    1.571824  1.03e-11  1.75e-12
    4.500000    1.337611    1.431830  7.65e-13  4.38e-12
    5.000000    1.511179    1.070831  8.14e-12  3.72e-12
   ------------------------------------------------------

Final Solver Statistics:
   Slow steps = 5000  (attempts = 5000,  fails = 0)
   Fast steps = 500000  (attempts = 500000,  fails = 0)
   u error = 1.3751e-11, v error = 9.74441e-12, total error = 1.19173e-11
   Total RHS evals:  Fse = 25001, Fsi = 0, Ff = 2500010
