
Adaptive multirate nonlinear Kvaerno-Prothero-Robinson test problem:
    time domain:  (0,5]
    G = -100
    w = 100
    e = 0.5

  Slow integrator: ARKODE_MRI_GARK_ERK45a (explicit)
    fixed steps, hs = 0.002
    rtol = 0.0001, atol = 1e-11

  Fast order 4
    I controller for fast time scale, based on order of RK embedding
    rtol = 0.0001, atol = 1e-11
        t           u           v       uerr      verr
   ------------------------------------------------------
    0.000000    1.732051    1.732051  0.00e+00  0.00e+00
    0.500000    1.696344    1.512598  2.34e-10  1.45e-09
    1.000000    1.593833    1.458873  1.33e-10  1.72e-08
    1.500000    1.439006    1.011474  7.31e-10  1.39e-07
    2.000000    1.258512    1.214374  1.58e-09  3.01e-07
    2.500000    1.094923    1.471085  1.02e-09  1.56e-07
    3.000000    1.004991    1.274175  1.04e-09  1.09e-07
    3.500000    1.031282    1.053648  7.83e-10  8.07e-08
    4.000000    1.160326    1.571824  3.69e-10  3.30e-08
    4.500000    1.337611    1.431830  1.20e-10  2.26e-08
    5.000000    1.511179    1.070831  4.69e-11  1.87e-08
   ------------------------------------------------------

Final Solver Statistics:
   Slow steps = 2501  (attempts = 2501,  fails = 0)
   Fast steps = 12507  (attempts = 12507,  fails = 0)
   u error = 7.73501e-10, v error = 1.24538e-07, total error = 8.80632e-08
   Total RHS evals:  Fse = 12506, Fsi = 0, Ff = 62548
