
Accumulated error estimation test (Nonlinear Kvaerno-Prothero-Robinson problem):
    time domain:  (0,5]
    partition size = 20
    G = -10
    e = 0.1
    omega = 5
    ERK solver, order = 4

Fixed-step runs:
  h 0.005  rk_type 1  order 4  acc 0  t 0.25  dsm 5.99625e-11  dsm_est 7.9246e-10  nsteps 50
  h 0.005  rk_type 1  order 4  acc 0  t 0.5  dsm 1.42974e-10  dsm_est 3.12286e-09  nsteps 50
  h 0.005  rk_type 1  order 4  acc 0  t 0.75  dsm 2.42719e-10  dsm_est 9.28141e-09  nsteps 50
  h 0.005  rk_type 1  order 4  acc 0  t 1  dsm 6.83162e-10  dsm_est 1.26647e-09  nsteps 50
  h 0.005  rk_type 1  order 4  acc 0  t 1.25  dsm 3.14281e-09  dsm_est 2.69129e-08  nsteps 50
  h 0.005  rk_type 1  order 4  acc 0  t 1.5  dsm 4.52762e-09  dsm_est 3.9027e-07  nsteps 50
  h 0.005  rk_type 1  order 4  acc 0  t 1.75  dsm 4.7305e-10  dsm_est 9.96347e-08  nsteps 50
  h 0.005  rk_type 1  order 4  acc 0  t 2  dsm 1.22724e-09  dsm_est 2.15168e-07  nsteps 50
  h 0.005  rk_type 1  order 4  acc 0  t 2.25  dsm 2.1725e-10  dsm_est 3.71812e-09  nsteps 50
  h 0.005  rk_type 1  order 4  acc 0  t 2.5  dsm 1.44845e-10  dsm_est 1.77141e-09  nsteps 50
  h 0.005  rk_type 1  order 4  acc 0  t 2.75  dsm 1.45894e-10  dsm_est 7.14815e-09  nsteps 50
  h 0.005  rk_type 1  order 4  acc 0  t 3  dsm 2.11123e-10  dsm_est 1.10902e-08  nsteps 50
  h 0.005  rk_type 1  order 4  acc 0  t 3.25  dsm 2.34671e-10  dsm_est 3.64116e-09  nsteps 50
  h 0.005  rk_type 1  order 4  acc 0  t 3.5  dsm 1.99557e-10  dsm_est 3.27436e-10  nsteps 50
  h 0.005  rk_type 1  order 4  acc 0  t 3.75  dsm 1.51624e-10  dsm_est 7.64317e-10  nsteps 50
  h 0.005  rk_type 1  order 4  acc 0  t 4  dsm 9.7978e-11  dsm_est 1.91259e-10  nsteps 50
  h 0.005  rk_type 1  order 4  acc 0  t 4.25  dsm 3.36113e-11  dsm_est 1.88739e-09  nsteps 50
  h 0.005  rk_type 1  order 4  acc 0  t 4.5  dsm 7.15711e-11  dsm_est 1.40472e-10  nsteps 50
  h 0.005  rk_type 1  order 4  acc 0  t 4.75  dsm 3.79788e-11  dsm_est 3.66885e-09  nsteps 50
  h 0.005  rk_type 1  order 4  acc 0  t 5  dsm 4.13058e-11  dsm_est 1.68612e-09  nsteps 50
  h 0.005  rk_type 1  order 4  acc 1  t 0.25  dsm 5.99625e-11  dsm_est 1.58492e-11  nsteps 50
  h 0.005  rk_type 1  order 4  acc 1  t 0.5  dsm 1.42974e-10  dsm_est 6.24572e-11  nsteps 50
  h 0.005  rk_type 1  order 4  acc 1  t 0.75  dsm 2.42719e-10  dsm_est 1.85628e-10  nsteps 50
  h 0.005  rk_type 1  order 4  acc 1  t 1  dsm 6.83162e-10  dsm_est 2.53294e-11  nsteps 50
  h 0.005  rk_type 1  order 4  acc 1  t 1.25  dsm 3.14281e-09  dsm_est 5.38258e-10  nsteps 50
  h 0.005  rk_type 1  order 4  acc 1  t 1.5  dsm 4.52762e-09  dsm_est 7.8054e-09  nsteps 50
  h 0.005  rk_type 1  order 4  acc 1  t 1.75  dsm 4.7305e-10  dsm_est 1.99269e-09  nsteps 50
  h 0.005  rk_type 1  order 4  acc 1  t 2  dsm 1.22724e-09  dsm_est 4.30336e-09  nsteps 50
  h 0.005  rk_type 1  order 4  acc 1  t 2.25  dsm 2.1725e-10  dsm_est 7.43624e-11  nsteps 50
  h 0.005  rk_type 1  order 4  acc 1  t 2.5  dsm 1.44845e-10  dsm_est 3.54281e-11  nsteps 50
  h 0.005  rk_type 1  order 4  acc 1  t 2.75  dsm 1.45894e-10  dsm_est 1.42963e-10  nsteps 50
  h 0.005  rk_type 1  order 4  acc 1  t 3  dsm 2.11123e-10  dsm_est 2.21804e-10  nsteps 50
  h 0.005  rk_type 1  order 4  acc 1  t 3.25  dsm 2.34671e-10  dsm_est 7.28233e-11  nsteps 50
  h 0.005  rk_type 1  order 4  acc 1  t 3.5  dsm 1.99557e-10  dsm_est 6.54871e-12  nsteps 50
  h 0.005  rk_type 1  order 4  acc 1  t 3.75  dsm 1.51624e-10  dsm_est 1.52863e-11  nsteps 50
  h 0.005  rk_type 1  order 4  acc 1  t 4  dsm 9.7978e-11  dsm_est 3.82518e-12  nsteps 50
  h 0.005  rk_type 1  order 4  acc 1  t 4.25  dsm 3.36113e-11  dsm_est 3.77478e-11  nsteps 50
  h 0.005  rk_type 1  order 4  acc 1  t 4.5  dsm 7.15711e-11  dsm_est 2.80944e-12  nsteps 50
  h 0.005  rk_type 1  order 4  acc 1  t 4.75  dsm 3.79788e-11  dsm_est 7.33771e-11  nsteps 50
  h 0.005  rk_type 1  order 4  acc 1  t 5  dsm 4.13058e-11  dsm_est 3.37224e-11  nsteps 50
  h 0.005  rk_type 1  order 4  acc 2  t 0.25  dsm 5.99625e-11  dsm_est 9.19534e-10  nsteps 75
  h 0.005  rk_type 1  order 4  acc 2  t 0.5  dsm 1.42974e-10  dsm_est 2.10629e-09  nsteps 75
  h 0.005  rk_type 1  order 4  acc 2  t 0.75  dsm 2.42719e-10  dsm_est 3.82746e-09  nsteps 75
  h 0.005  rk_type 1  order 4  acc 2  t 1  dsm 6.83162e-10  dsm_est 1.03061e-08  nsteps 75
  h 0.005  rk_type 1  order 4  acc 2  t 1.25  dsm 3.14281e-09  dsm_est 4.33257e-08  nsteps 75
  h 0.005  rk_type 1  order 4  acc 2  t 1.5  dsm 4.52762e-09  dsm_est 6.98227e-08  nsteps 75
  h 0.005  rk_type 1  order 4  acc 2  t 1.75  dsm 4.7305e-10  dsm_est 3.66571e-09  nsteps 75
  h 0.005  rk_type 1  order 4  acc 2  t 2  dsm 1.22724e-09  dsm_est 1.87356e-08  nsteps 75
  h 0.005  rk_type 1  order 4  acc 2  t 2.25  dsm 2.1725e-10  dsm_est 3.03702e-09  nsteps 75
  h 0.005  rk_type 1  order 4  acc 2  t 2.5  dsm 1.44845e-10  dsm_est 2.22121e-09  nsteps 75
  h 0.005  rk_type 1  order 4  acc 2  t 2.75  dsm 1.45894e-10  dsm_est 2.22678e-09  nsteps 75
  h 0.005  rk_type 1  order 4  acc 2  t 3  dsm 2.11123e-10  dsm_est 3.23991e-09  nsteps 75
  h 0.005  rk_type 1  order 4  acc 2  t 3.25  dsm 2.34671e-10  dsm_est 3.61593e-09  nsteps 75
  h 0.005  rk_type 1  order 4  acc 2  t 3.5  dsm 1.99557e-10  dsm_est 3.07907e-09  nsteps 75
  h 0.005  rk_type 1  order 4  acc 2  t 3.75  dsm 1.51624e-10  dsm_est 2.34121e-09  nsteps 75
  h 0.005  rk_type 1  order 4  acc 2  t 4  dsm 9.7978e-11  dsm_est 1.51474e-09  nsteps 75
  h 0.005  rk_type 1  order 4  acc 2  t 4.25  dsm 3.36113e-11  dsm_est 5.09945e-10  nsteps 75
  h 0.005  rk_type 1  order 4  acc 2  t 4.5  dsm 7.15711e-11  dsm_est 1.10419e-09  nsteps 75
  h 0.005  rk_type 1  order 4  acc 2  t 4.75  dsm 3.79788e-11  dsm_est 5.88316e-10  nsteps 75
  h 0.005  rk_type 1  order 4  acc 2  t 5  dsm 4.13058e-11  dsm_est 6.25891e-10  nsteps 75
  h 0.00125  rk_type 1  order 4  acc 0  t 0.25  dsm 2.30499e-13  dsm_est 3.07508e-12  nsteps 200
  h 0.00125  rk_type 1  order 4  acc 0  t 0.5  dsm 5.68219e-13  dsm_est 1.20112e-11  nsteps 200
  h 0.00125  rk_type 1  order 4  acc 0  t 0.75  dsm 9.09327e-13  dsm_est 3.22789e-11  nsteps 200
  h 0.00125  rk_type 1  order 4  acc 0  t 1  dsm 2.66412e-12  dsm_est 4.42072e-12  nsteps 200
  h 0.00125  rk_type 1  order 4  acc 0  t 1.25  dsm 1.30178e-11  dsm_est 1.0259e-10  nsteps 200
  h 0.00125  rk_type 1  order 4  acc 0  t 1.5  dsm 1.73534e-11  dsm_est 1.64905e-09  nsteps 200
  h 0.00125  rk_type 1  order 4  acc 0  t 1.75  dsm 3.44384e-12  dsm_est 3.87489e-10  nsteps 200
  h 0.00125  rk_type 1  order 4  acc 0  t 2  dsm 4.73982e-12  dsm_est 8.44242e-10  nsteps 200
  h 0.00125  rk_type 1  order 4  acc 0  t 2.25  dsm 8.24836e-13  dsm_est 1.15395e-11  nsteps 200
  h 0.00125  rk_type 1  order 4  acc 0  t 2.5  dsm 5.58183e-13  dsm_est 1.08294e-11  nsteps 200
  h 0.00125  rk_type 1  order 4  acc 0  t 2.75  dsm 5.66294e-13  dsm_est 2.82685e-11  nsteps 200
  h 0.00125  rk_type 1  order 4  acc 0  t 3  dsm 8.06614e-13  dsm_est 4.34752e-11  nsteps 200
  h 0.00125  rk_type 1  order 4  acc 0  t 3.25  dsm 8.98387e-13  dsm_est 1.4135e-11  nsteps 200
  h 0.00125  rk_type 1  order 4  acc 0  t 3.5  dsm 7.63217e-13  dsm_est 1.35855e-12  nsteps 200
  h 0.00125  rk_type 1  order 4  acc 0  t 3.75  dsm 5.78309e-13  dsm_est 2.99367e-12  nsteps 200
  h 0.00125  rk_type 1  order 4  acc 0  t 4  dsm 3.75531e-13  dsm_est 6.93024e-13  nsteps 200
  h 0.00125  rk_type 1  order 4  acc 0  t 4.25  dsm 1.33194e-13  dsm_est 7.31752e-12  nsteps 200
  h 0.00125  rk_type 1  order 4  acc 0  t 4.5  dsm 2.44986e-13  dsm_est 1.08546e-12  nsteps 200
  h 0.00125  rk_type 1  order 4  acc 0  t 4.75  dsm 1.41286e-13  dsm_est 1.51237e-11  nsteps 200
  h 0.00125  rk_type 1  order 4  acc 0  t 5  dsm 1.73009e-13  dsm_est 6.57848e-12  nsteps 200
  h 0.00125  rk_type 1  order 4  acc 1  t 0.25  dsm 2.30499e-13  dsm_est 1.53754e-14  nsteps 200
  h 0.00125  rk_type 1  order 4  acc 1  t 0.5  dsm 5.68219e-13  dsm_est 6.0056e-14  nsteps 200
  h 0.00125  rk_type 1  order 4  acc 1  t 0.75  dsm 9.09327e-13  dsm_est 1.61395e-13  nsteps 200
  h 0.00125  rk_type 1  order 4  acc 1  t 1  dsm 2.66412e-12  dsm_est 2.21036e-14  nsteps 200
  h 0.00125  rk_type 1  order 4  acc 1  t 1.25  dsm 1.30178e-11  dsm_est 5.12948e-13  nsteps 200
  h 0.00125  rk_type 1  order 4  acc 1  t 1.5  dsm 1.73534e-11  dsm_est 8.24527e-12  nsteps 200
  h 0.00125  rk_type 1  order 4  acc 1  t 1.75  dsm 3.44384e-12  dsm_est 1.93745e-12  nsteps 200
  h 0.00125  rk_type 1  order 4  acc 1  t 2  dsm 4.73982e-12  dsm_est 4.22121e-12  nsteps 200
  h 0.00125  rk_type 1  order 4  acc 1  t 2.25  dsm 8.24836e-13  dsm_est 5.76976e-14  nsteps 200
  h 0.00125  rk_type 1  order 4  acc 1  t 2.5  dsm 5.58183e-13  dsm_est 5.4147e-14  nsteps 200
  h 0.00125  rk_type 1  order 4  acc 1  t 2.75  dsm 5.66294e-13  dsm_est 1.41342e-13  nsteps 200
  h 0.00125  rk_type 1  order 4  acc 1  t 3  dsm 8.06614e-13  dsm_est 2.17376e-13  nsteps 200
  h 0.00125  rk_type 1  order 4  acc 1  t 3.25  dsm 8.98387e-13  dsm_est 7.06748e-14  nsteps 200
  h 0.00125  rk_type 1  order 4  acc 1  t 3.5  dsm 7.63217e-13  dsm_est 6.79273e-15  nsteps 200
  h 0.00125  rk_type 1  order 4  acc 1  t 3.75  dsm 5.78309e-13  dsm_est 1.49684e-14  nsteps 200
  h 0.00125  rk_type 1  order 4  acc 1  t 4  dsm 3.75531e-13  dsm_est 3.46512e-15  nsteps 200
  h 0.00125  rk_type 1  order 4  acc 1  t 4.25  dsm 1.33194e-13  dsm_est 3.65876e-14  nsteps 200
  h 0.00125  rk_type 1  order 4  acc 1  t 4.5  dsm 2.44986e-13  dsm_est 5.42731e-15  nsteps 200
  h 0.00125  rk_type 1  order 4  acc 1  t 4.75  dsm 1.41286e-13  dsm_est 7.56183e-14  nsteps 200
  h 0.00125  rk_type 1  order 4  acc 1  t 5  dsm 1.73009e-13  dsm_est 3.28924e-14  nsteps 200
  h 0.00125  rk_type 1  order 4  acc 2  t 0.25  dsm 2.30499e-13  dsm_est 3.47846e-12  nsteps 300
  h 0.00125  rk_type 1  order 4  acc 2  t 0.5  dsm 5.68219e-13  dsm_est 8.44621e-12  nsteps 300
  h 0.00125  rk_type 1  order 4  acc 2  t 0.75  dsm 9.09327e-13  dsm_est 1.38911e-11  nsteps 300
  h 0.00125  rk_type 1  order 4  acc 2  t 1  dsm 2.66412e-12  dsm_est 3.99292e-11  nsteps 300
  h 0.00125  rk_type 1  order 4  acc 2  t 1.25  dsm 1.30178e-11  dsm_est 1.91091e-10  nsteps 300
  h 0.00125  rk_type 1  order 4  acc 2  t 1.5  dsm 1.73534e-11  dsm_est 2.61959e-10  nsteps 300
  h 0.00125  rk_type 1  order 4  acc 2  t 1.75  dsm 3.44384e-12  dsm_est 4.28383e-11  nsteps 300
  h 0.00125  rk_type 1  order 4  acc 2  t 2  dsm 4.73982e-12  dsm_est 7.1306e-11  nsteps 300
  h 0.00125  rk_type 1  order 4  acc 2  t 2.25  dsm 8.24836e-13  dsm_est 1.31816e-11  nsteps 300
  h 0.00125  rk_type 1  order 4  acc 2  t 2.5  dsm 5.58183e-13  dsm_est 8.4007e-12  nsteps 300
  h 0.00125  rk_type 1  order 4  acc 2  t 2.75  dsm 5.66294e-13  dsm_est 8.47988e-12  nsteps 300
  h 0.00125  rk_type 1  order 4  acc 2  t 3  dsm 8.06614e-13  dsm_est 1.22473e-11  nsteps 300
  h 0.00125  rk_type 1  order 4  acc 2  t 3.25  dsm 8.98387e-13  dsm_est 1.35837e-11  nsteps 300
  h 0.00125  rk_type 1  order 4  acc 2  t 3.5  dsm 7.63217e-13  dsm_est 1.15437e-11  nsteps 300
  h 0.00125  rk_type 1  order 4  acc 2  t 3.75  dsm 5.78309e-13  dsm_est 8.76917e-12  nsteps 300
  h 0.00125  rk_type 1  order 4  acc 2  t 4  dsm 3.75531e-13  dsm_est 5.66133e-12  nsteps 300
  h 0.00125  rk_type 1  order 4  acc 2  t 4.25  dsm 1.33194e-13  dsm_est 1.9304e-12  nsteps 300
  h 0.00125  rk_type 1  order 4  acc 2  t 4.5  dsm 2.44986e-13  dsm_est 4.1717e-12  nsteps 300
  h 0.00125  rk_type 1  order 4  acc 2  t 4.75  dsm 1.41286e-13  dsm_est 2.17896e-12  nsteps 300
  h 0.00125  rk_type 1  order 4  acc 2  t 5  dsm 1.73009e-13  dsm_est 2.38734e-12  nsteps 300
  h 0.0003125  rk_type 1  order 4  acc 0  t 0.25  dsm 9.97977e-16  dsm_est 1.19921e-14  nsteps 800
  h 0.0003125  rk_type 1  order 4  acc 0  t 0.5  dsm 7.34738e-15  dsm_est 4.67384e-14  nsteps 800
  h 0.0003125  rk_type 1  order 4  acc 0  t 0.75  dsm 1.89479e-14  dsm_est 1.22245e-13  nsteps 800
  h 0.0003125  rk_type 1  order 4  acc 0  t 1  dsm 6.41345e-15  dsm_est 1.67508e-14  nsteps 800
  h 0.0003125  rk_type 1  order 4  acc 0  t 1.25  dsm 1.49538e-13  dsm_est 3.98278e-13  nsteps 801
  h 0.0003125  rk_type 1  order 4  acc 0  t 1.5  dsm 1.0257e-13  dsm_est 6.56125e-12  nsteps 801
  h 0.0003125  rk_type 1  order 4  acc 0  t 1.75  dsm 4.74681e-14  dsm_est 1.51192e-12  nsteps 801
  h 0.0003125  rk_type 1  order 4  acc 0  t 2  dsm 3.28771e-14  dsm_est 3.30065e-12  nsteps 801
  h 0.0003125  rk_type 1  order 4  acc 0  t 2.25  dsm 2.08777e-13  dsm_est 4.21238e-14  nsteps 800
  h 0.0003125  rk_type 1  order 4  acc 0  t 2.5  dsm 1.03256e-14  dsm_est 4.61805e-14  nsteps 800
  h 0.0003125  rk_type 1  order 4  acc 0  t 2.75  dsm 1.44079e-14  dsm_est 1.10761e-13  nsteps 800
  h 0.0003125  rk_type 1  order 4  acc 0  t 3  dsm 6.86653e-14  dsm_est 1.69952e-13  nsteps 800
  h 0.0003125  rk_type 1  order 4  acc 0  t 3.25  dsm 4.56716e-14  dsm_est 5.51242e-14  nsteps 800
  h 0.0003125  rk_type 1  order 4  acc 0  t 3.5  dsm 1.14798e-14  dsm_est 5.39133e-15  nsteps 800
  h 0.0003125  rk_type 1  order 4  acc 0  t 3.75  dsm 1.10427e-14  dsm_est 1.17036e-14  nsteps 800
  h 0.0003125  rk_type 1  order 4  acc 0  t 4  dsm 5.31806e-14  dsm_est 2.65473e-15  nsteps 800
  h 0.0003125  rk_type 1  order 4  acc 0  t 4.25  dsm 2.08119e-13  dsm_est 2.85291e-14  nsteps 801
  h 0.0003125  rk_type 1  order 4  acc 0  t 4.5  dsm 1.57233e-14  dsm_est 4.76197e-15  nsteps 801
  h 0.0003125  rk_type 1  order 4  acc 0  t 4.75  dsm 1.39902e-13  dsm_est 5.98529e-14  nsteps 801
  h 0.0003125  rk_type 1  order 4  acc 0  t 5  dsm 7.63042e-14  dsm_est 2.56897e-14  nsteps 801
  h 0.0003125  rk_type 1  order 4  acc 1  t 0.25  dsm 9.97977e-16  dsm_est 1.49901e-17  nsteps 800
  h 0.0003125  rk_type 1  order 4  acc 1  t 0.5  dsm 7.34738e-15  dsm_est 5.84231e-17  nsteps 800
  h 0.0003125  rk_type 1  order 4  acc 1  t 0.75  dsm 1.89479e-14  dsm_est 1.52806e-16  nsteps 800
  h 0.0003125  rk_type 1  order 4  acc 1  t 1  dsm 6.41345e-15  dsm_est 2.09385e-17  nsteps 800
  h 0.0003125  rk_type 1  order 4  acc 1  t 1.25  dsm 1.49538e-13  dsm_est 4.97226e-16  nsteps 801
  h 0.0003125  rk_type 1  order 4  acc 1  t 1.5  dsm 1.0257e-13  dsm_est 8.19133e-15  nsteps 801
  h 0.0003125  rk_type 1  order 4  acc 1  t 1.75  dsm 4.74681e-14  dsm_est 1.88754e-15  nsteps 801
  h 0.0003125  rk_type 1  order 4  acc 1  t 2  dsm 3.28771e-14  dsm_est 4.12066e-15  nsteps 801
  h 0.0003125  rk_type 1  order 4  acc 1  t 2.25  dsm 2.08777e-13  dsm_est 5.26547e-17  nsteps 800
  h 0.0003125  rk_type 1  order 4  acc 1  t 2.5  dsm 1.03256e-14  dsm_est 5.77257e-17  nsteps 800
  h 0.0003125  rk_type 1  order 4  acc 1  t 2.75  dsm 1.44079e-14  dsm_est 1.38452e-16  nsteps 800
  h 0.0003125  rk_type 1  order 4  acc 1  t 3  dsm 6.86653e-14  dsm_est 2.12439e-16  nsteps 800
  h 0.0003125  rk_type 1  order 4  acc 1  t 3.25  dsm 4.56716e-14  dsm_est 6.89052e-17  nsteps 800
  h 0.0003125  rk_type 1  order 4  acc 1  t 3.5  dsm 1.14798e-14  dsm_est 6.73916e-18  nsteps 800
  h 0.0003125  rk_type 1  order 4  acc 1  t 3.75  dsm 1.10427e-14  dsm_est 1.46294e-17  nsteps 800
  h 0.0003125  rk_type 1  order 4  acc 1  t 4  dsm 5.31806e-14  dsm_est 3.31841e-18  nsteps 800
  h 0.0003125  rk_type 1  order 4  acc 1  t 4.25  dsm 2.08119e-13  dsm_est 3.56169e-17  nsteps 801
  h 0.0003125  rk_type 1  order 4  acc 1  t 4.5  dsm 1.57233e-14  dsm_est 5.94504e-18  nsteps 801
  h 0.0003125  rk_type 1  order 4  acc 1  t 4.75  dsm 1.39902e-13  dsm_est 7.47228e-17  nsteps 801
  h 0.0003125  rk_type 1  order 4  acc 1  t 5  dsm 7.63042e-14  dsm_est 3.2072e-17  nsteps 801
  h 0.0003125  rk_type 1  order 4  acc 2  t 0.25  dsm 9.97977e-16  dsm_est 1.35296e-14  nsteps 1200
  h 0.0003125  rk_type 1  order 4  acc 2  t 0.5  dsm 7.34738e-15  dsm_est 3.14131e-14  nsteps 1200
  h 0.0003125  rk_type 1  order 4  acc 2  t 0.75  dsm 1.89479e-14  dsm_est 6.96153e-14  nsteps 1200
  h 0.0003125  rk_type 1  order 4  acc 2  t 1  dsm 6.41345e-15  dsm_est 1.77682e-13  nsteps 1200
  h 0.0003125  rk_type 1  order 4  acc 2  t 1.25  dsm 1.49538e-13  dsm_est 5.92376e-13  nsteps 1201
  h 0.0003125  rk_type 1  order 4  acc 2  t 1.5  dsm 1.0257e-13  dsm_est 9.50139e-13  nsteps 1201
  h 0.0003125  rk_type 1  order 4  acc 2  t 1.75  dsm 4.74681e-14  dsm_est 1.5963e-13  nsteps 1201
  h 0.0003125  rk_type 1  order 4  acc 2  t 2  dsm 3.28771e-14  dsm_est 2.52198e-13  nsteps 1201
  h 0.0003125  rk_type 1  order 4  acc 2  t 2.25  dsm 2.08777e-13  dsm_est 3.31346e-13  nsteps 1200
  h 0.0003125  rk_type 1  order 4  acc 2  t 2.5  dsm 1.03256e-14  dsm_est 3.26259e-14  nsteps 1200
  h 0.0003125  rk_type 1  order 4  acc 2  t 2.75  dsm 1.44079e-14  dsm_est 3.69706e-14  nsteps 1200
  h 0.0003125  rk_type 1  order 4  acc 2  t 3  dsm 6.86653e-14  dsm_est 8.29842e-14  nsteps 1200
  h 0.0003125  rk_type 1  order 4  acc 2  t 3.25  dsm 4.56716e-14  dsm_est 7.57076e-14  nsteps 1200
  h 0.0003125  rk_type 1  order 4  acc 2  t 3.5  dsm 1.14798e-14  dsm_est 4.72639e-14  nsteps 1200
  h 0.0003125  rk_type 1  order 4  acc 2  t 3.75  dsm 1.10427e-14  dsm_est 3.43678e-14  nsteps 1200
  h 0.0003125  rk_type 1  order 4  acc 2  t 4  dsm 5.31806e-14  dsm_est 4.43107e-14  nsteps 1200
  h 0.0003125  rk_type 1  order 4  acc 2  t 4.25  dsm 2.08119e-13  dsm_est 3.19466e-13  nsteps 1201
  h 0.0003125  rk_type 1  order 4  acc 2  t 4.5  dsm 1.57233e-14  dsm_est 3.54399e-14  nsteps 1201
  h 0.0003125  rk_type 1  order 4  acc 2  t 4.75  dsm 1.39902e-13  dsm_est 2.1045e-13  nsteps 1201
  h 0.0003125  rk_type 1  order 4  acc 2  t 5  dsm 7.63042e-14  dsm_est 1.1047e-13  nsteps 1201
  h 7.8125e-05  rk_type 1  order 4  acc 0  t 0.25  dsm 1.20076e-14  dsm_est 4.68152e-17  nsteps 3200
  h 7.8125e-05  rk_type 1  order 4  acc 0  t 0.5  dsm 6.92895e-14  dsm_est 1.82422e-16  nsteps 3201
  h 7.8125e-05  rk_type 1  order 4  acc 0  t 0.75  dsm 7.1887e-14  dsm_est 4.7344e-16  nsteps 3200
  h 7.8125e-05  rk_type 1  order 4  acc 0  t 1  dsm 5.29714e-14  dsm_est 6.51084e-17  nsteps 3200
  h 7.8125e-05  rk_type 1  order 4  acc 0  t 1.25  dsm 4.54758e-13  dsm_est 1.55315e-15  nsteps 3201
  h 7.8125e-05  rk_type 1  order 4  acc 0  t 1.5  dsm 1.61784e-13  dsm_est 2.57413e-14  nsteps 3201
  h 7.8125e-05  rk_type 1  order 4  acc 0  t 1.75  dsm 1.4649e-13  dsm_est 5.90317e-15  nsteps 3201
  h 7.8125e-05  rk_type 1  order 4  acc 0  t 2  dsm 6.85301e-14  dsm_est 1.28969e-14  nsteps 3201
  h 7.8125e-05  rk_type 1  order 4  acc 0  t 2.25  dsm 3.74507e-13  dsm_est 1.62039e-16  nsteps 3201
  h 7.8125e-05  rk_type 1  order 4  acc 0  t 2.5  dsm 1.92671e-14  dsm_est 1.8265e-16  nsteps 3201
  h 7.8125e-05  rk_type 1  order 4  acc 0  t 2.75  dsm 1.93516e-14  dsm_est 4.32788e-16  nsteps 3201
  h 7.8125e-05  rk_type 1  order 4  acc 0  t 3  dsm 1.23711e-13  dsm_est 6.63893e-16  nsteps 3201
  h 7.8125e-05  rk_type 1  order 4  acc 0  t 3.25  dsm 8.16997e-14  dsm_est 2.14904e-16  nsteps 3201
  h 7.8125e-05  rk_type 1  order 4  acc 0  t 3.5  dsm 1.95956e-14  dsm_est 2.1102e-17  nsteps 3201
  h 7.8125e-05  rk_type 1  order 4  acc 0  t 3.75  dsm 2.16401e-14  dsm_est 4.57959e-17  nsteps 3201
  h 7.8125e-05  rk_type 1  order 4  acc 0  t 4  dsm 9.37664e-14  dsm_est 1.0225e-17  nsteps 3201
  h 7.8125e-05  rk_type 1  order 4  acc 0  t 4.25  dsm 2.10442e-13  dsm_est 1.11615e-16  nsteps 3201
  h 7.8125e-05  rk_type 1  order 4  acc 0  t 4.5  dsm 1.64627e-14  dsm_est 1.89457e-17  nsteps 3201
  h 7.8125e-05  rk_type 1  order 4  acc 0  t 4.75  dsm 1.39177e-13  dsm_est 2.3562e-16  nsteps 3201
  h 7.8125e-05  rk_type 1  order 4  acc 0  t 5  dsm 7.51104e-14  dsm_est 1.00279e-16  nsteps 3201
  h 7.8125e-05  rk_type 1  order 4  acc 1  t 0.25  dsm 1.20076e-14  dsm_est 1.46298e-20  nsteps 3200
  h 7.8125e-05  rk_type 1  order 4  acc 1  t 0.5  dsm 6.92895e-14  dsm_est 5.69892e-20  nsteps 3201
  h 7.8125e-05  rk_type 1  order 4  acc 1  t 0.75  dsm 7.1887e-14  dsm_est 1.4795e-19  nsteps 3200
  h 7.8125e-05  rk_type 1  order 4  acc 1  t 1  dsm 5.29714e-14  dsm_est 2.03464e-20  nsteps 3200
  h 7.8125e-05  rk_type 1  order 4  acc 1  t 1.25  dsm 4.54758e-13  dsm_est 4.85208e-19  nsteps 3201
  h 7.8125e-05  rk_type 1  order 4  acc 1  t 1.5  dsm 1.61784e-13  dsm_est 8.04164e-18  nsteps 3201
  h 7.8125e-05  rk_type 1  order 4  acc 1  t 1.75  dsm 1.4649e-13  dsm_est 1.84416e-18  nsteps 3201
  h 7.8125e-05  rk_type 1  order 4  acc 1  t 2  dsm 6.85301e-14  dsm_est 4.02902e-18  nsteps 3201
  h 7.8125e-05  rk_type 1  order 4  acc 1  t 2.25  dsm 3.74507e-13  dsm_est 5.06214e-20  nsteps 3201
  h 7.8125e-05  rk_type 1  order 4  acc 1  t 2.5  dsm 1.92671e-14  dsm_est 5.70603e-20  nsteps 3201
  h 7.8125e-05  rk_type 1  order 4  acc 1  t 2.75  dsm 1.93516e-14  dsm_est 1.35204e-19  nsteps 3201
  h 7.8125e-05  rk_type 1  order 4  acc 1  t 3  dsm 1.23711e-13  dsm_est 2.07402e-19  nsteps 3201
  h 7.8125e-05  rk_type 1  order 4  acc 1  t 3.25  dsm 8.16997e-14  dsm_est 6.71366e-20  nsteps 3201
  h 7.8125e-05  rk_type 1  order 4  acc 1  t 3.5  dsm 1.95956e-14  dsm_est 6.5923e-21  nsteps 3201
  h 7.8125e-05  rk_type 1  order 4  acc 1  t 3.75  dsm 2.16401e-14  dsm_est 1.43067e-20  nsteps 3201
  h 7.8125e-05  rk_type 1  order 4  acc 1  t 4  dsm 9.37664e-14  dsm_est 3.19433e-21  nsteps 3201
  h 7.8125e-05  rk_type 1  order 4  acc 1  t 4.25  dsm 2.10442e-13  dsm_est 3.48687e-20  nsteps 3201
  h 7.8125e-05  rk_type 1  order 4  acc 1  t 4.5  dsm 1.64627e-14  dsm_est 5.91869e-21  nsteps 3201
  h 7.8125e-05  rk_type 1  order 4  acc 1  t 4.75  dsm 1.39177e-13  dsm_est 7.36081e-20  nsteps 3201
  h 7.8125e-05  rk_type 1  order 4  acc 1  t 5  dsm 7.51104e-14  dsm_est 3.13274e-20  nsteps 3201
  h 7.8125e-05  rk_type 1  order 4  acc 2  t 0.25  dsm 1.20076e-14  dsm_est 9.70841e-15  nsteps 4800
  h 7.8125e-05  rk_type 1  order 4  acc 2  t 0.5  dsm 6.92895e-14  dsm_est 1.22494e-13  nsteps 4801
  h 7.8125e-05  rk_type 1  order 4  acc 2  t 0.75  dsm 7.1887e-14  dsm_est 1.01008e-13  nsteps 4801
  h 7.8125e-05  rk_type 1  order 4  acc 2  t 1  dsm 5.29714e-14  dsm_est 7.31368e-14  nsteps 4801
  h 7.8125e-05  rk_type 1  order 4  acc 2  t 1.25  dsm 4.54758e-13  dsm_est 7.05734e-13  nsteps 4801
  h 7.8125e-05  rk_type 1  order 4  acc 2  t 1.5  dsm 1.61784e-13  dsm_est 2.49851e-13  nsteps 4801
  h 7.8125e-05  rk_type 1  order 4  acc 2  t 1.75  dsm 1.4649e-13  dsm_est 2.2764e-13  nsteps 4801
  h 7.8125e-05  rk_type 1  order 4  acc 2  t 2  dsm 6.85301e-14  dsm_est 1.06912e-13  nsteps 4801
  h 7.8125e-05  rk_type 1  order 4  acc 2  t 2.25  dsm 3.74507e-13  dsm_est 1.85903e-15  nsteps 4802
  h 7.8125e-05  rk_type 1  order 4  acc 2  t 2.5  dsm 1.92671e-14  dsm_est 4.28748e-15  nsteps 4802
  h 7.8125e-05  rk_type 1  order 4  acc 2  t 2.75  dsm 1.93516e-14  dsm_est 3.17803e-15  nsteps 4802
  h 7.8125e-05  rk_type 1  order 4  acc 2  t 3  dsm 1.23711e-13  dsm_est 2.14064e-15  nsteps 4802
  h 7.8125e-05  rk_type 1  order 4  acc 2  t 3.25  dsm 8.16997e-14  dsm_est 9.8125e-16  nsteps 4802
  h 7.8125e-05  rk_type 1  order 4  acc 2  t 3.5  dsm 1.95956e-14  dsm_est 1.42241e-15  nsteps 4802
  h 7.8125e-05  rk_type 1  order 4  acc 2  t 3.75  dsm 2.16401e-14  dsm_est 9.52702e-16  nsteps 4802
  h 7.8125e-05  rk_type 1  order 4  acc 2  t 4  dsm 9.37664e-14  dsm_est 1.67292e-15  nsteps 4802
  h 7.8125e-05  rk_type 1  order 4  acc 2  t 4.25  dsm 2.10442e-13  dsm_est 5.74872e-16  nsteps 4802
  h 7.8125e-05  rk_type 1  order 4  acc 2  t 4.5  dsm 1.64627e-14  dsm_est 2.39534e-15  nsteps 4802
  h 7.8125e-05  rk_type 1  order 4  acc 2  t 4.75  dsm 1.39177e-13  dsm_est 1.10424e-15  nsteps 4802
  h 7.8125e-05  rk_type 1  order 4  acc 2  t 5  dsm 7.51104e-14  dsm_est 1.21712e-15  nsteps 4802
