
Adaptive multirate nonlinear Kvaerno-Prothero-Robinson test problem:
    time domain:  (0,5]
    G = -100
    w = 100
    e = 0.5

  Slow integrator: ARKODE_MRI_GARK_ERK45a (explicit)
    fixed steps, hs = 0.01
    rtol = 0.0001, atol = 1e-11

  Fast order 4
    I controller for fast time scale, based on order of RK embedding
    rtol = 0.0001, atol = 1e-11
        t           u           v       uerr      verr
   ------------------------------------------------------
    0.000000    1.732051    1.732051  0.00e+00  0.00e+00
    0.500000    1.696344    1.512600  2.14e-07  1.84e-06
    1.000000    1.593832    1.458887  1.14e-07  1.45e-05
    1.500000    1.439006    1.011527  1.24e-07  5.38e-05
    2.000000    1.258513    1.214428  3.15e-07  5.38e-05
    2.500000    1.094923    1.471114  3.74e-07  2.89e-05
    3.000000    1.004992    1.274196  5.10e-07  2.08e-05
    3.500000    1.031283    1.053663  4.32e-07  1.55e-05
    4.000000    1.160326    1.571831  2.02e-07  6.47e-06
    4.500000    1.337611    1.431835  1.81e-08  5.10e-06
    5.000000    1.511179    1.070836  1.02e-07  5.40e-06
   ------------------------------------------------------

Final Solver Statistics:
   Slow steps = 501  (attempts = 501,  fails = 0)
   Fast steps = 3340  (attempts = 3781,  fails = 441)
   u error = 2.85007e-07, v error = 2.75889e-05, total error = 1.95093e-05
   Total RHS evals:  Fse = 2506, Fsi = 0, Ff = 18477
