
Adaptive multirate stiff Brusselator test problem:
    time domain:  (0,10]
    ep = 0.0004

  Slow integrator: ARKODE_MRI_GARK_ERK45a (explicit)
    fixed steps, hs = 0.01
    rtol = 4e-06, atol = 1e-11

  Fast order 4
    I controller for fast time scale, based on order of RK embedding
    fast_rtol = 0.0001, atol = 1e-11
        t          u          v          w       uerr      verr      werr
   -------------------------------------------------------------------------
    0.000000   1.200000   3.100000   3.000000   0.0e+00   0.0e+00   0.0e+00
    0.500000   1.200613   2.996066   3.498311   7.5e-05   8.8e-05   8.5e-06
    1.000000   1.107158   3.008131   3.498438   9.3e-05   1.5e-04   1.3e-05
    1.500000   0.917798   3.188082   3.498698   8.0e-05   1.8e-04   1.7e-05
    2.000000   0.691486   3.512327   3.499015   4.5e-05   1.8e-04   1.6e-05
    2.500000   0.510160   3.896431   3.499274   1.2e-05   1.6e-04   1.2e-05
    3.000000   0.410222   4.269502   3.499416   6.6e-06   1.4e-04   9.6e-06
    3.500000   0.372044   4.614020   3.499469   1.3e-05   1.3e-04   9.8e-06
    4.000000   0.367587   4.934562   3.499472   1.6e-05   1.2e-04   1.3e-05
    4.500000   0.382207   5.233152   3.499474   2.0e-05   1.1e-04   9.1e-06
    5.000000   0.412957   5.504350   3.499431   2.3e-05   9.1e-05   8.5e-06
    5.500000   0.467991   5.730484   3.499356   3.5e-05   6.6e-05   1.1e-05
    6.000000   0.585319   5.854259   3.499196   7.8e-05   2.7e-06   1.5e-05
    6.500000   1.060816   5.503421   3.498555   4.8e-04   5.0e-04   3.7e-05
    7.000000   4.794985   0.734608   3.493240   6.9e-04   2.8e-05   5.7e-05
    7.500000   3.037697   1.057906   3.495704   5.3e-04   1.3e-04   4.6e-05
    8.000000   1.833967   1.562361   3.497406   3.6e-04   1.9e-04   2.7e-05
    8.500000   1.008514   2.191339   3.498570   2.4e-04   2.1e-04   1.8e-05
    9.000000   0.534095   2.794916   3.499237   1.1e-04   1.7e-04   1.5e-05
    9.500000   0.352784   3.263323   3.499486   3.3e-05   1.3e-04   2.0e-05
   10.000000   0.305955   3.648442   3.499562   6.1e-06   1.1e-04   9.8e-06
   -------------------------------------------------------------------------

Final Solver Statistics:
   Slow steps = 1000  (attempts = 1000,  fails = 0)
   Fast steps = 11775  (attempts = 16695,  fails = 4920)
   u error = 0.000246767, v error = 0.000173197, w error = 2.26939e-05, total error = 0.000174553
   Relative accuracy = 112.835
   Total RHS evals:  Fse = 5000, Fsi = 0, Ff = 78558
