
Slow error estimation test (stiff Brusselator ODE problem):
    time domain:  (0,10]
    partition size = 20
    initial conditions:  u0 = 1.2,  v0 = 3.1,  w0 = 3
    problem parameters:  a = 0,  b = 0,  ep = 0.0004
    MRI method: ARKODE_MRI_GARK_ERK33a (explicit)
  H 0.025  method ARKODE_MRI_GARK_ERK33a  t 0.025  dsm 3.18615e+13  dsm_est 2.87651e+09
  H 0.025  method ARKODE_MRI_GARK_ERK33a  t 0.525  dsm 9712.78  dsm_est 2564.39
  H 0.025  method ARKODE_MRI_GARK_ERK33a  t 1.025  dsm 3393.3  dsm_est 924.092
  H 0.025  method ARKODE_MRI_GARK_ERK33a  t 1.525  dsm 695.135  dsm_est 1834.96
  H 0.025  method ARKODE_MRI_GARK_ERK33a  t 2.025  dsm 49818  dsm_est 11777.7
  H 0.025  method ARKODE_MRI_GARK_ERK33a  t 2.525  dsm 9124.86  dsm_est 2270.94
  H 0.025  method ARKODE_MRI_GARK_ERK33a  t 3.025  dsm 3665.91  dsm_est 2353.6
  H 0.025  method ARKODE_MRI_GARK_ERK33a  t 3.525  dsm 1728.59  dsm_est 1477.27
  H 0.025  method ARKODE_MRI_GARK_ERK33a  t 4.025  dsm 3549.8  dsm_est 1019.04
  H 0.025  method ARKODE_MRI_GARK_ERK33a  t 4.525  dsm 1346.62  dsm_est 340.545
  H 0.025  method ARKODE_MRI_GARK_ERK33a  t 5.025  dsm 13131.3  dsm_est 3083.51
  H 0.025  method ARKODE_MRI_GARK_ERK33a  t 5.525  dsm 5401.08  dsm_est 2414.93
  H 0.025  method ARKODE_MRI_GARK_ERK33a  t 6.025  dsm 1695.04  dsm_est 14303
  H 0.025  method ARKODE_MRI_GARK_ERK33a  t 6.525  dsm 61548.9  dsm_est 330405
  H 0.025  method ARKODE_MRI_GARK_ERK33a  t 7.025  dsm 742179  dsm_est 1.51629e+06
  H 0.025  method ARKODE_MRI_GARK_ERK33a  t 7.525  dsm 5562.48  dsm_est 19867.3
  H 0.025  method ARKODE_MRI_GARK_ERK33a  t 8.025  dsm 1554.89  dsm_est 6504.82
  H 0.025  method ARKODE_MRI_GARK_ERK33a  t 8.525  dsm 7614.77  dsm_est 2879.16
  H 0.025  method ARKODE_MRI_GARK_ERK33a  t 9.025  dsm 525.587  dsm_est 10911.5
  H 0.025  method ARKODE_MRI_GARK_ERK33a  t 9.525  dsm 69663.3  dsm_est 19441.7
  H 0.00625  method ARKODE_MRI_GARK_ERK33a  t 0.00625  dsm 4.33933e+11  dsm_est 1.53179e+09
  H 0.00625  method ARKODE_MRI_GARK_ERK33a  t 0.50625  dsm 132.397  dsm_est 40.1362
  H 0.00625  method ARKODE_MRI_GARK_ERK33a  t 1.00625  dsm 46.7312  dsm_est 14.4702
  H 0.00625  method ARKODE_MRI_GARK_ERK33a  t 1.50625  dsm 9.94209  dsm_est 28.4261
  H 0.00625  method ARKODE_MRI_GARK_ERK33a  t 2.00625  dsm 679.872  dsm_est 184.159
  H 0.00625  method ARKODE_MRI_GARK_ERK33a  t 2.50625  dsm 125.222  dsm_est 35.3288
  H 0.00625  method ARKODE_MRI_GARK_ERK33a  t 3.00625  dsm 49.9238  dsm_est 36.4715
  H 0.00625  method ARKODE_MRI_GARK_ERK33a  t 3.50625  dsm 23.7357  dsm_est 23.1006
  H 0.00625  method ARKODE_MRI_GARK_ERK33a  t 4.00625  dsm 48.3388  dsm_est 15.9671
  H 0.00625  method ARKODE_MRI_GARK_ERK33a  t 4.50625  dsm 18.4633  dsm_est 5.36038
  H 0.00625  method ARKODE_MRI_GARK_ERK33a  t 5.00625  dsm 178.912  dsm_est 48.1867
  H 0.00625  method ARKODE_MRI_GARK_ERK33a  t 5.50625  dsm 74.2257  dsm_est 37.3847
  H 0.00625  method ARKODE_MRI_GARK_ERK33a  t 6.00625  dsm 21.5185  dsm_est 221.446
  H 0.00625  method ARKODE_MRI_GARK_ERK33a  t 6.50625  dsm 230.75  dsm_est 5222.73
  H 0.00625  method ARKODE_MRI_GARK_ERK33a  t 7.00625  dsm 3236.66  dsm_est 24290.3
  H 0.00625  method ARKODE_MRI_GARK_ERK33a  t 7.50625  dsm 35.8037  dsm_est 303.892
  H 0.00625  method ARKODE_MRI_GARK_ERK33a  t 8.00625  dsm 17.8895  dsm_est 101.728
  H 0.00625  method ARKODE_MRI_GARK_ERK33a  t 8.50625  dsm 101.213  dsm_est 45.1453
  H 0.00625  method ARKODE_MRI_GARK_ERK33a  t 9.00625  dsm 3.7759  dsm_est 164.52
  H 0.00625  method ARKODE_MRI_GARK_ERK33a  t 9.50625  dsm 948.673  dsm_est 302.732
  H 0.0015625  method ARKODE_MRI_GARK_ERK33a  t 0.0015625  dsm 4.30937e+09  dsm_est 1.04109e+09
  H 0.0015625  method ARKODE_MRI_GARK_ERK33a  t 0.501563  dsm 1.3107  dsm_est 0.627393
  H 0.0015625  method ARKODE_MRI_GARK_ERK33a  t 1.00156  dsm 0.536852  dsm_est 0.226224
  H 0.0015625  method ARKODE_MRI_GARK_ERK33a  t 1.50156  dsm 0.100992  dsm_est 0.44322
  H 0.0015625  method ARKODE_MRI_GARK_ERK33a  t 2.00156  dsm 6.72682  dsm_est 2.87799
  H 0.0015625  method ARKODE_MRI_GARK_ERK33a  t 2.50156  dsm 1.23299  dsm_est 0.551443
  H 0.0015625  method ARKODE_MRI_GARK_ERK33a  t 3.00156  dsm 0.604226  dsm_est 0.568668
  H 0.0015625  method ARKODE_MRI_GARK_ERK33a  t 3.50156  dsm 0.232898  dsm_est 0.36101
  H 0.0015625  method ARKODE_MRI_GARK_ERK33a  t 4.00156  dsm 0.600385  dsm_est 0.249658
  H 0.0015625  method ARKODE_MRI_GARK_ERK33a  t 4.50156  dsm 0.22818  dsm_est 0.0839105
  H 0.0015625  method ARKODE_MRI_GARK_ERK33a  t 5.00156  dsm 2.22309  dsm_est 0.752945
  H 0.0015625  method ARKODE_MRI_GARK_ERK33a  t 5.50156  dsm 0.877218  dsm_est 0.582779
  H 0.0015625  method ARKODE_MRI_GARK_ERK33a  t 6.00156  dsm 0.209519  dsm_est 3.45194
  H 0.0015625  method ARKODE_MRI_GARK_ERK33a  t 6.50156  dsm 0.904764  dsm_est 81.8016
  H 0.0015625  method ARKODE_MRI_GARK_ERK33a  t 7.00156  dsm 12.9886  dsm_est 381.511
  H 0.0015625  method ARKODE_MRI_GARK_ERK33a  t 7.50156  dsm 0.363723  dsm_est 4.7201
  H 0.0015625  method ARKODE_MRI_GARK_ERK33a  t 8.00156  dsm 0.17391  dsm_est 1.58975
  H 0.0015625  method ARKODE_MRI_GARK_ERK33a  t 8.50156  dsm 1.24999  dsm_est 0.706053
  H 0.0015625  method ARKODE_MRI_GARK_ERK33a  t 9.00156  dsm 0.0289604  dsm_est 2.54761
  H 0.0015625  method ARKODE_MRI_GARK_ERK33a  t 9.50156  dsm 9.39742  dsm_est 4.72606
  H 0.000390625  method ARKODE_MRI_GARK_ERK33a  t 0.000390625  dsm 2.73843e+07  dsm_est 2.97866e+07
  H 0.000390625  method ARKODE_MRI_GARK_ERK33a  t 0.500391  dsm 0.00790529  dsm_est 0.0098036
  H 0.000390625  method ARKODE_MRI_GARK_ERK33a  t 1.00039  dsm 0.00278359  dsm_est 0.00353558
  H 0.000390625  method ARKODE_MRI_GARK_ERK33a  t 1.50039  dsm 0.000601399  dsm_est 0.00692116
  H 0.000390625  method ARKODE_MRI_GARK_ERK33a  t 2.00039  dsm 0.040594  dsm_est 0.0449707
  H 0.000390625  method ARKODE_MRI_GARK_ERK33a  t 2.50039  dsm 0.00744355  dsm_est 0.00861411
  H 0.000390625  method ARKODE_MRI_GARK_ERK33a  t 3.00039  dsm 0.00298446  dsm_est 0.00888
  H 0.000390625  method ARKODE_MRI_GARK_ERK33a  t 3.50039  dsm 0.00140563  dsm_est 0.00564122
  H 0.000390625  method ARKODE_MRI_GARK_ERK33a  t 4.00039  dsm 0.0028887  dsm_est 0.00390185
  H 0.000390625  method ARKODE_MRI_GARK_ERK33a  t 4.50039  dsm 0.00109807  dsm_est 0.00131135
  H 0.000390625  method ARKODE_MRI_GARK_ERK33a  t 5.00039  dsm 0.0106951  dsm_est 0.0117645
  H 0.000390625  method ARKODE_MRI_GARK_ERK33a  t 5.50039  dsm 0.00441652  dsm_est 0.00910012
  H 0.000390625  method ARKODE_MRI_GARK_ERK33a  t 6.00039  dsm 0.00126707  dsm_est 0.0539045
  H 0.000390625  method ARKODE_MRI_GARK_ERK33a  t 6.50039  dsm 0.00353173  dsm_est 1.27888
  H 0.000390625  method ARKODE_MRI_GARK_ERK33a  t 7.00039  dsm 0.0510772  dsm_est 5.96838
  H 0.000390625  method ARKODE_MRI_GARK_ERK33a  t 7.50039  dsm 0.00172501  dsm_est 0.073638
  H 0.000390625  method ARKODE_MRI_GARK_ERK33a  t 8.00039  dsm 0.00101874  dsm_est 0.0248408
  H 0.000390625  method ARKODE_MRI_GARK_ERK33a  t 8.50039  dsm 0.00600542  dsm_est 0.0110361
  H 0.000390625  method ARKODE_MRI_GARK_ERK33a  t 9.00039  dsm 0.000169504  dsm_est 0.0397166
  H 0.000390625  method ARKODE_MRI_GARK_ERK33a  t 9.50039  dsm 0.0566992  dsm_est 0.0738286
  H 9.76563e-05  method ARKODE_MRI_GARK_ERK33a  t 9.76563e-05  dsm 130431  dsm_est 498019
  H 9.76563e-05  method ARKODE_MRI_GARK_ERK33a  t 0.500098  dsm 3.58258e-05  dsm_est 0.000152579
  H 9.76563e-05  method ARKODE_MRI_GARK_ERK33a  t 1.0001  dsm 1.17489e-05  dsm_est 5.49428e-05
  H 9.76563e-05  method ARKODE_MRI_GARK_ERK33a  t 1.5001  dsm 3.03091e-06  dsm_est 0.000108219
  H 9.76563e-05  method ARKODE_MRI_GARK_ERK33a  t 2.0001  dsm 0.00018121  dsm_est 0.000701961
  H 9.76563e-05  method ARKODE_MRI_GARK_ERK33a  t 2.5001  dsm 3.36149e-05  dsm_est 0.000134823
  H 9.76563e-05  method ARKODE_MRI_GARK_ERK33a  t 3.0001  dsm 1.31727e-05  dsm_est 0.000138405
  H 9.76563e-05  method ARKODE_MRI_GARK_ERK33a  t 3.5001  dsm 5.94891e-06  dsm_est 8.8123e-05
  H 9.76563e-05  method ARKODE_MRI_GARK_ERK33a  t 4.0001  dsm 1.31912e-05  dsm_est 6.05553e-05
  H 9.76563e-05  method ARKODE_MRI_GARK_ERK33a  t 4.5001  dsm 4.45901e-06  dsm_est 2.07707e-05
  H 9.76563e-05  method ARKODE_MRI_GARK_ERK33a  t 5.0001  dsm 4.82249e-05  dsm_est 0.000183849
  H 9.76563e-05  method ARKODE_MRI_GARK_ERK33a  t 5.5001  dsm 1.90168e-05  dsm_est 0.000142114
  H 9.76563e-05  method ARKODE_MRI_GARK_ERK33a  t 6.0001  dsm 5.22661e-06  dsm_est 0.000842602
  H 9.76563e-05  method ARKODE_MRI_GARK_ERK33a  t 6.5001  dsm 1.86832e-05  dsm_est 0.0199852
  H 9.76563e-05  method ARKODE_MRI_GARK_ERK33a  t 7.0001  dsm 0.000200255  dsm_est 0.093284
  H 9.76563e-05  method ARKODE_MRI_GARK_ERK33a  t 7.5001  dsm 8.76665e-06  dsm_est 0.00115005
  H 9.76563e-05  method ARKODE_MRI_GARK_ERK33a  t 8.0001  dsm 5.7613e-06  dsm_est 0.000387538
  H 9.76563e-05  method ARKODE_MRI_GARK_ERK33a  t 8.5001  dsm 2.64533e-05  dsm_est 0.000172376
  H 9.76563e-05  method ARKODE_MRI_GARK_ERK33a  t 9.0001  dsm 2.63056e-06  dsm_est 0.000620541
  H 9.76563e-05  method ARKODE_MRI_GARK_ERK33a  t 9.5001  dsm 0.000252779  dsm_est 0.0011535

ARKODE_MRI_GARK_ERK33a summary:
  Stepsize 0.025  	maxdsm 3.18615e+13  	maxdsmest 2.87651e+09
  Stepsize 0.00625  	maxdsm 4.33933e+11  	maxdsmest 1.53179e+09
  Stepsize 0.0015625  	maxdsm 4.30937e+09  	maxdsmest 1.04109e+09
  Stepsize 0.000390625  	maxdsm 2.73843e+07  	maxdsmest 2.97866e+07
  Stepsize 9.76563e-05  	maxdsm 130431  	maxdsmest 498019
