
Adaptive multirate nonlinear Kvaerno-Prothero-Robinson test problem:
    time domain:  (0,5]
    G = -100
    w = 100
    e = 0.5

  Slow integrator: ARKODE_MRI_GARK_ERK45a (explicit)
    fixed steps, hs = 0.002
    rtol = 4e-06, atol = 1e-11

  Fast order 4
    I controller for fast time scale, based on order of RK embedding
    fast_rtol = 0.0001, atol = 1e-11
        t           u           v       uerr      verr
   ------------------------------------------------------
    0.000000    1.732051    1.732051  0.00e+00  0.00e+00
    0.250000    1.723053    1.584050  2.46e-10  4.03e-10
    0.500000    1.696344    1.512598  2.34e-10  1.45e-09
    0.750000    1.652782    1.036015  2.00e-10  1.13e-09
    1.000000    1.593833    1.458873  1.33e-10  1.72e-08
    1.250000    1.521618    1.458201  1.63e-10  6.16e-08
    1.500000    1.439006    1.011474  7.31e-10  1.39e-07
    1.750000    1.349724    1.730452  1.32e-09  2.50e-07
    2.000000    1.258512    1.214374  1.58e-09  3.01e-07
    2.250000    1.171250    1.024071  1.36e-09  2.86e-07
    2.500000    1.094923    1.471085  1.02e-09  1.56e-07
    2.750000    1.037158    1.313348  9.56e-10  1.36e-07
    3.000000    1.004991    1.274175  1.04e-09  1.09e-07
    3.250000    1.002931    1.043458  9.00e-10  1.04e-07
    3.500000    1.031282    1.053648  7.83e-10  8.07e-08
    3.750000    1.086021    1.006374  5.90e-10  6.59e-08
    4.000000    1.160326    1.571824  3.69e-10  3.30e-08
    4.250000    1.246560    1.705136  2.00e-10  2.42e-08
    4.500000    1.337611    1.431830  1.20e-10  2.26e-08
    4.750000    1.427446    1.162908  3.11e-11  2.19e-08
    5.000000    1.511179    1.070831  4.69e-11  1.87e-08
   ------------------------------------------------------

Final Solver Statistics:
   Slow steps = 2500  (attempts = 2500,  fails = 0)
   Fast steps = 12502  (attempts = 12502,  fails = 0)
   u error = 7.68153e-10, v error = 1.29958e-07, total error = 9.1896e-08
   Relative accuracy = 0.0698426
   Total RHS evals:  Fse = 12500, Fsi = 0, Ff = 62513
